main.c:1357:9:cmd_getMainsFreq	8	static
main.c:1200:9:cmd_MAX31865_temp	16	static
main.c:991:13:MX_GPIO_Init	64	static
main.c:600:13:MX_SPI1_Init	8	static
main.c:721:13:MX_TIM2_Init	88	static
main.c:866:13:MX_TIM4_Init	72	static
main.c:925:13:MX_USART1_UART_Init	8	static
main.c:958:13:MX_USART2_UART_Init	8	static
main.c:801:13:MX_TIM3_Init	80	static
main.c:638:13:MX_TIM1_Init	104	static
main.c:570:13:MX_RTC_Init	8	static
main.c:1133:9:setPage	64	static
main.c:1141:9:cmd_MAX31865_RegisterWrite	32	static
main.c:1170:9:cmd_MAX31865_RegisterRead	32	static
main.c:1311:9:cmd_setRelay	8	static
main.c:1362:9:cmd_setMode	24	static
main.c:1419:9:cmd_led	8	static
main.c:1433:9:cmd_setPid	8	static
main.c:1323:9:cmd_Reset	8	static
main.c:1391:9:cmd_setPower	24	static
main.c:1448:9:cmd_setSetpoint	8	static
main.c:1460:9:cmd_tone	16	static
main.c:1484:9:cmd_dispProgMode	40	static
main.c:524:6:SystemClock_Config	96	static
main.c:1060:5:__io_putchar	16	static
main.c:1065:5:_write	16	static
main.c:1073:6:HAL_UART_RxCpltCallback	8	static
main.c:1124:6:HAL_UART_ErrorCallback	8	static
main.c:1245:9:mux_set	16	static
main.c:1291:10:map	4	static
main.c:1328:9:nextion_uart_transmit	8	static
main.c:1346:9:cmd_setLoad	0	static
main.c:1352:9:cmd_getMainsPeriod	8	static
main.c:1455:9:cmd_test	0	static
main.c:1559:10:rtc_read_backup_reg	32	static
main.c:1565:6:rtc_write_backup_reg	40	static
main.c:1547:9:cmd_dfu	8	static,ignoring_inline_asm
main.c:1578:9:updateLoad	16	static
main.c:1630:6:HAL_TIM_OC_DelayElapsedCallback	8	static
main.c:1654:6:HAL_TIM_PeriodElapsedCallback	8	static
main.c:1677:6:HAL_TIM_IC_CaptureCallback	8	static
main.c:1705:6:JumpToBootloader	16	static,ignoring_inline_asm
main.c:264:5:main	128	static
main.c:1757:6:Error_Handler	0	static
