stm32f1xx_hal_msp.c:66:6:HAL_MspInit	8	static
stm32f1xx_hal_msp.c:92:6:HAL_RTC_MspInit	16	static
stm32f1xx_hal_msp.c:117:6:HAL_RTC_MspDeInit	0	static
stm32f1xx_hal_msp.c:139:6:HAL_SPI_MspInit	32	static
stm32f1xx_hal_msp.c:181:6:HAL_SPI_MspDeInit	8	static
stm32f1xx_hal_msp.c:211:6:HAL_TIM_Base_MspInit	48	static
stm32f1xx_hal_msp.c:282:6:HAL_TIM_MspPostInit	32	static
stm32f1xx_hal_msp.c:312:6:HAL_TIM_Base_MspDeInit	8	static
stm32f1xx_hal_msp.c:382:6:HAL_UART_MspInit	48	static
stm32f1xx_hal_msp.c:454:6:HAL_UART_MspDeInit	8	static
